// Jest Snapshot v1, https://goo.gl/fbAQLP

exports[`Edit Expense Page should render EditExpensePage 1`] = `
<div>
  <div
    className="page-header"
  >
    <div
      className="content-container"
    >
      <h1
        className="page-header__title"
      >
        Edit Expense
      </h1>
    </div>
  </div>
  <div
    className="content-container"
  >
    <ExpenseForm
      expense={
        Object {
          "amount": 5,
          "createdAt": -345600000,
          "description": "Lunch",
          "id": "2",
          "note": "",
        }
      }
      onSubmit={[Function]}
    />
  </div>
</div>
`;
