// Jest Snapshot v1, https://goo.gl/fbAQLP

exports[`Expense item should render correctly 1`] = `
<div>
  <h3
    className="list-item__title"
  >
    Elictricity
  </h3>
  <div
    className="list_item__body"
  >
    <span
      className="list-item__sub-title"
    >
      January 1st, 1970
    </span>
    <span
      className="list-item__data"
    >
      £
      1.80
    </span>
    <span
      className="edit-link"
    >
      <Link
        replace={false}
        to="/edit/1"
      >
        Edit
      </Link>
    </span>
    <span
      className="remove-link"
    >
      <Link
        replace={false}
        to="/remove/1"
      >
        Remove
      </Link>
    </span>
  </div>
</div>
`;
