// Jest Snapshot v1, https://goo.gl/fbAQLP

exports[`Expense item should render correctly 1`] = `
<div>
  <h2>
    Elictricity
  </h2>
  <span
    className="data"
  >
    Amount: £
    1.80
     - Date: 
    1st January 1970
  </span>
  <span
    className="edit-link"
  >
    <Link
      replace={false}
      to="/edit/1"
    >
      Edit
    </Link>
  </span>
  <span
    className="remove-link"
  >
    <Link
      replace={false}
      to="/remove/1"
    >
      Remove
    </Link>
  </span>
</div>
`;
