// Jest Snapshot v1, https://goo.gl/fbAQLP

exports[` 1`] = `
<header>
  <h1
    className="header"
  >
    Budgeting App
  </h1>
  <div
    className="option"
  >
    <NavLink
      activeClassName="is-active"
      aria-current="page"
      className="home"
      to="/homepage"
    >
      Homepage
    </NavLink>
    <NavLink
      activeClassName="is-active"
      aria-current="page"
      className="create"
      to="/create"
    >
      Create Expense
    </NavLink>
    <NavLink
      activeClassName="is-active"
      aria-current="page"
      className="help"
      exact={true}
      to="/help"
    >
      Help
    </NavLink>
    <button
      onClick={[Function]}
    >
      Logout
    </button>
  </div>
</header>
`;
