// Jest Snapshot v1, https://goo.gl/fbAQLP

exports[`LoginPage Component should have a button 1`] = `
<div>
  <h1
    className="header"
  >
    Budgeting App
  </h1>
  <h2>
    This site will allow you to log your expenses and will help you manage your budget
  </h2>
  <h2>
    To access your spending please login
  </h2>
  <button>
    Login
  </button>
</div>
`;
